[   0.000000] Initializing cgroup subsys cpuset
[    0.000000] Initializing cgroup subsys cpu
[   000000] nialing cgrupubs cpcc
[   00000Linuveio 4.4.0-62-generic (buildd@lcy01-30) (gcc version 5.4.0 20160609 (Ubuntu 5.4.0-6ubuntu1~16.4. )83-Uun S WedJa184:105 C 017 (Ubuntu 4.4.0-62.83-generc 4.)
[  00000] Cmmd ne BOOT_IAG/bt/vmin-4.0-6geri root=LBEcldimg-oos  conoltt console=tyS
[  0.00000] RN supportedcp:[    0.000]  Intel GnueIel
  0.0000]   AMD AuthenticAMD
[    0.000000]   Centaur CentaurHauls
[    0.000000] x86/fpu: xstate_offset[2]:  576, xstate_sizes[2]:  256
[    0.000000] x86/fpu: Supporting XSAVE feature 0x01: 'x87 floating point registers'
[    0.000000] x86/fpu: Supporting XSAVE featrex0 'SSErestrs
[   0000] x86/pu Sporting XAVfeure 0x04: 'AVX registers'
[    0.000000] x86/fpu: Enabled xstate features 0x7, context size is 832 bytes, ung'sandard' format.
[    0.000000] x86/fpu: Using 'lazy' FPU context switches.
[    0.000000] e820: BIOS-provided physical RAM map:
[   .000] BIOSe80:me 0x0000000000000000-0x000000000009fbff] usable
[    0.000000] BIOS-e820: [mem 0x000000000009fc00-0x000000000009ffff] reserved
[    0.000000] BIOS-e820: [mem 0x00000000000f0000-0x00000000000fffff] reserved
[    0.000000] BIOS-e820: [mem 0x0000000000100000-0x000000003ffeffff] usable
[    0.000000] BIOS-e820: [mem 0x000000003fff0000-0x000000003fffffff] ACPI data
[    0.000000] BIOS-e820: [mem 0x00000000fffc0000-0x00000000ffffffff] reserved
[    0.000000] NX (Execute Disable) protection: active
[    0.000000] SMBIOS 2.5 present.
[    0.000000] Hypervisor detected: KVM
[    0.000000] e820: last_pfn = 0x3fff0 max_arch_pfn = 0x400000000
[    0.000000] MTRR: Disabled
[    0.000000] x86/PAT: MTRRs disabled, skipping PAT initialization too.
[    0.000000] x86/PAT: Configuration [0-7]: WB  WT  UC- UC  WB  WT  UC- UC  
[    0.000000] CPU MTRRs all blank - virtualized system.
[    0.000000] found SMP MP-table at [mem 0x0009fff0-0x0009ffff] mapped at [ffff88000009fff0]
[    0.000000] Scanning 1 areas for low memory corruption
[    0.000000] RAMDISK: [mem 0x36b5a000-0x375a4fff]
[    0.000000] ACPI: Early table checksum verification disabled
[    0.000000] ACPI: RSDP 0x00000000000E0000 000024 (v02 VBOX  )
[    0.000000] ACPI: XSDT 0x000000003FFF0030 00003C (v01 VBOX   VBOXXSDT 00000001 ASL  00000061)
[    0.000000] ACPI: FACP 0x000000003FFF00F0 0000F4 (v04 VBOX   VBOXFACP 00000001 ASL  00000061)
[    0.000000] ACPI: DSDT 0x000000003FFF0470 002118 (v01 VBOX   VBOXBIOS 00000002 INTL 20160108)
[    0.000000] ACPI: FACS 0x000000003FFF0200 000040
[    0.000000] ACPI: FACS 0x000000003FFF0200 000040
[    0.000000] ACPI: APIC 0x000000003FFF0240 00005C (v02 VBOX   VBOXAPIC 00000001 ASL  00000061)
[    0.000000] ACPI: SSDT 0x000000003FFF02A0 0001CC (v01 VBOX   VBOXCPUT 00000002 INTL 20160108)
[    0.000000] No NUMA configuration found
[    0.000000] Faking a node at [mem 0x0000000000000000-0x000000003ffeffff]
[    0.000000] NODE_DATA(0) allocated [mem 0x3ffeb000-0x3ffeffff]
[    0.000000] kvm-clock: Using msrs 4b564d01 and 4b564d00
[    0.000000] kvm-clock: cpu 0, msr 0:3ffe3001, primary cpu clock
[    0.000000] kvm-clock: using sched offset of 2882472946 cycles
[    0.000000] clocksource: kvm-clock: mask: 0xffffffffffffffff max_cycles: 0x1cd42e4dffb, max_idle_ns: 881590591483 ns
[    0.000000] Zone ranges:
[    0.000000]   DMA      [mem 0x0000000000001000-0x0000000000ffffff]
[    0.000000]   DMA32    [mem 0x0000000001000000-0x000000003ffeffff]
[    0.000000]   Normal   empty
[    0.000000]   Device   empty
[    0.000000] Movable zone start for each node
[    0.000000] Early memory node ranges
[    0.000000]   node   0: [mem 0x0000000000001000-0x000000000009efff]
[    0.000000]   node   0: [mem 0x0000000000100000-0x000000003ffeffff]
[    0.000000] Initmem setup node 0 [mem 0x0000000000001000-0x000000003ffeffff]
[    0.000000] ACPI: PM-Timer IO Port: 0x4008
[    0.000000] IOAPIC[0]: apic_id 2, version 17, address 0xfec00000, GSI 0-23
[    0.000000] ACPI: INT_SRC_OVR (bus 0 bus_irq 0 global_irq 2 dfl l)
[    0.000000] ACPI: INT_SRC_OVR (bus 0 bus_irq 9 global_irq 9 high level)
[    0.000000] Using ACPI (MADT) for SMP configuration informatio
[   000000] smoo Alowing 2 CPUs, 0holuCPUs
[    00000 PM:Rested nosveemy: [mem 0x00000000-0x00000fff]
[    0.000000] PM: Registered nosave memory: [mem 0x0009f000-0x0009ffff]
[    0.000000] PM: Registered nosave memory: [mem 0x000a0000-0x000effff]
[   0.000] PM: Registered nosave memory: [mem 0x000f0000-0x000fffff]
[    0.000000] e820: [mem 0x40000000-0xfffbffff] available for PCI devices
[    0.000000] Booting paravirtualized kernel on KVM
[    0.000000] clocksource: refined-jiffies: mask: 0xffffffff mx_cls:0xfffff, x_idle_ns 755600211568 ns
[  00000] et_pcpu:NRPU512 nr_puskits:2 _cu_ids2 _ne_id:1[   0.00] ERCPU: Embedded 33 pages/cpu @ffff88003fc00000 s98264 r8192 d28712 u1048576
[    0.000000] PV qspinlock hash table entries: 256 (order: 0, 4096 bytes)
[    0.000000] Built 1 zonelists in Node order, mobility grouping on.  Total pages: 257913
[    0.000000] Policy zone: DMA32
[    00000 Kernel omndine:BO_IGE=/boot/mlinuz-4.40-2-generi rt=BEL=cloudmgoos ro console=tty1 conslety
[    .000 PID hah blentries 46 rder:3,27 bytes)
  0.00000]Mery1002040/181K vailbl(836K kerelod 1291K rwdata, 3960K rodata, 1488K init, 1316K bss, 46080K reserved, 0K cma-reserved)
[   0000] SLUB: HWalign=64, rdr=3, MinObec=0CPUs=2Nos=1  0.000000 HerarchialRCU implementation.
[    0.000000] 	Build-time adjustment of leaf fanout to 64.
[    0.000000] 	RCU restricting CPUs from NR_CPUS=512 to nr_cpu_ids=2.
[    0.000000] RCU: Adjusting geometry for rcu_fanout_leaf=64, nr_cpu_ids=2
[    0.000000] NR_IRQS:33024 nr_irqs:440 16
[    0.000000] Console: colour VGA+ 80x25
[    0.000000] console [tty1] enabled
[    0.000000] console [ttyS0] enabled
[    0.000000] tsc: Detected 3699.996 MHz processor
[   1360] Calibrating delay loop (skipped) preset value.. 7399.99 BogoMIPS (lpj=14799984)
[    4.309142] pid_max: default: 32768 minimum: 301
[    4.336831] ACPI: Core revision 20150930
[    4.338060] ACPI: 2 ACPI AML tables successfully acquired and loaded
[    4.338882] Security Framework initialized
[    4.339404] Yama: becoming mindful.
[    4.356686] AppArmor: AppArmor initialized
[    4.380726] Dentry cache hash table entries: 131072 (order: 8, 1048576 bytes)
[    4.457269] Inode-cache hash table entries: 65536 (order: 7, 524288 bytes)
[    4.474936] Mount-cache hash table entries: 2048 (order: 2, 16384 bytes)
[    4.526185] Mountpoint-cache hash table entries: 2048 (order: 2, 16384 bytes)
[    4.538377] Initializing cgroup subsys io
[    4.567768] Initializing cgroup subsys memory
[    4.568325] Initializing cgroup subsys devices
[    4.568900] Initializing cgroup subsys freezer
[    4.676988] Initializing cgroup subsys net_cls
[    4.693282] Initializing cgroup subsys perf_event
[    4.693862] Initializing cgroup subsys net_prio
[    4.696990] Initializing cgroup subsys hugetlb
[    4.728972] Initializing cgroup subsys pids
[    4.797837] CPU: Physical Processor ID: 0
[    4.844472] CPU: Processor Core ID: 0
[    4.845840] mce: CPU supports 0 MCE banks
[    4.852967] Last level iTLB entries: 4KB 1024, 2MB 1024, 4MB 1024
[    4.882473] Last level dTLB entries: 4KB 1024, 2MB 1024, 4MB 1024, 1GB 4
[    5.019292] Freeing SMP alternatives memory: 32K (ffffffff820b8000 - ffffffff820c0000)
[    5.086218] ftrace: allocating 32065 entries in 126 pages
[    5.132222] smpboot: APIC(0) Converting physical 0 to logical package 0
[    5.250553] smpboot: Max logical packages: 1
[    5.252089] ..TIMER: vector=0x30 apic1=0 pin1=2 apic2=-1 pin2=-1
[    5.464561] smpboot: CPU0: Intel(R) Core(TM) i3-4170 CPU @ 3.70GHz (family: 0x6, model: 0x3c, stepping: 0x3)
[    5.502279] Performance Events: unsupported p6 CPU model 60 no PMU driver, software events only.
[    5.650894] KVM setup paravirtual spinlock
[    5.673820] x86: Booting SMP configuration:
[    5.744777] .... node  #0, CPUs:      #1
[    5.789524] kvm-clock: cpu 1, msr 0:3ffe3041, secondary cpu clock
[    5.801718] mce: CPU supports 0 MCE banks
[    5.870690] x86: Booted up 1 node, 2 CPUs
[    5.883528] smpboot: Total of 2 processors activated (14799.98 BogoMIPS)
[    5.891129] devtmpfs: initialized
[    5.908174] evm: security.selinux
[    5.913991] evm: security.SMACK64
[    5.919524] evm: security.SMACK64EXEC
[    5.929414] evm: security.SMACK64TRANSMUTE
[    5.939123] evm: security.SMACK64MMAP
[    5.947085] evm: security.ima
[    5.948933] evm: security.capability
[    5.951366] clocksource: jiffies: mask: 0xffffffff max_cycles: 0xffffffff, max_idle_ns: 7645041785100000 ns
[    6.043262] pinctrl core: initialized pinctrl subsystem
[    6.049513] RTC time: 10:38:05, date: 02/13/17
[    6.061373] NET: Registered protocol family 16
[    6.076547] cpuidle: using governor ladder
[    6.096717] cpuidle: using governor menu
[    6.114324] PCCT header not found.
[    6.116142] ACPI: bus type PCI registered
[    6.117931] acpiphp: ACPI Hot Plug PCI Controller Driver version: 0.5
[    6.121968] PCI: Using configuration type 1 for base access
[    6.137841] ACPI: Added _OSI(Module Device)
[    6.153435] ACPI: Added _OSI(Processor Device)
[    6.159430] ACPI: Added _OSI(3.0 _SCP Extensions)
[    6.235574] ACPI: Added _OSI(Processor Aggregator Device)
[    6.245146] ACPI: Executed 1 blocks of module-level executable AML code
[    6.255812] ACPI: Interpreter enabled
[    6.261691] ACPI: (supports S0 S5)
[    6.277939] ACPI: Using IOAPIC for interrupt routing
[    6.279851] PCI: Using host bridge windows from ACPI; if necessary, use "pci=nocrs" and report a bug
[    6.284622] ACPI: PCI Root Bridge [PCI0] (domain 0000 [bus 00-ff])
[    6.290751] acpi PNP0A03:00: _OSC: OS supports [ASPM ClockPM Segments MSI]
[    6.291645] acpi PNP0A03:00: _OSC failed (AE_NOT_FOUND); disabling ASPM
[    6.292507] acpi PNP0A03:00: fail to add MMCONFIG information, can't access extended PCI configuration space under this bridge.
[    6.294201] PCI host bridge to bus 0000:00
[    6.343543] pci_bus 0000:00: root bus resource [io  0x0000-0x0cf7 window]
[    6.368794] pci_bus 0000:00: root bus resource [io  0x0d00-0xffff window]
[    6.369675] pci_bus 0000:00: root bus resource [mem 0x000a0000-0x000bffff window]
[    6.370775] pci_bus 0000:00: root bus resource [mem 0x40000000-0xffdfffff window]
[    6.371872] pci_bus 0000:00: root bus resource [bus 00-ff]
[    6.373562] pci 0000:00:01.1: legacy IDE quirk: reg 0x10: [io  0x01f0-0x01f7]
[    6.392647] pci 0000:00:01.1: legacy IDE quirk: reg 0x14: [io  0x03f6]
[    6.408428] pci 0000:00:01.1: legacy IDE quirk: reg 0x18: [io  0x0170-0x0177]
[    6.409339] pci 0000:00:01.1: legacy IDE quirk: reg 0x1c: [io  0x0376]
[    6.437879] ACPI: PCI Interrupt Link [LNKA] (IRQs 5 9 10 11) *0, disabled.
[    6.483160] ACPI: PCI Interrupt Link [LNKB] (IRQs 5 9 10 *11)
[    6.573236] ACPI: PCI Interrupt Link [LNKC] (IRQs 5 9 *10 11)
[    6.654817] ACPI: PCI Interrupt Link [LNKD] (IRQs 5 *9 10 11)
[    6.710551] ACPI: Enabled 2 GPEs in block 00 to 07
[    6.731660] vgaarb: setting as boot device: PCI:0000:00:02.0
[    6.734097] vgaarb: device added: PCI:0000:00:02.0,decodes=io+mem,owns=io+mem,locks=none
[    6.753013] vgaarb: loaded
[    6.791718] vgaarb: bridge control possible 0000:00:02.0
[    6.804292] SCSI subsystem initialized
[    6.820215] ACPI: bus type USB registered
[    6.841234] usbcore: registered new interface driver usbfs
[    6.856786] usbcore: registered new interface driver hub
[    6.857528] usbcore: registered new device driver usb
[    6.859547] PCI: Using ACPI for IRQ routing
[    6.869677] NetLabel: Initializing
[    6.873035] NetLabel:  domain hash size = 128
[    6.873650] NetLabel:  protocols = UNLABELED CIPSOv4
[    6.874344] NetLabel:  unlabeled traffic allowed by default
[    6.876263] amd_nb: Cannot enumerate AMD northbridges
[    6.891016] clocksource: Switched to clocksource kvm-clock
[    6.906536] AppArmor: AppArmor Filesystem Enabled
[   .9252]pn P API init

[    7.108747] pnp: PnP ACPI: found 3 devices
[  71783clksrce: acpi_m:as 0fff x_cl: ffffmax_idle_ns: 087024s  7.28] T: Registered protocol family 2
[    8.13815] P taisd shtae trs:19(oer4,55 bes
[   8271TCbi hh able entries: 8192 (order: 5, 131072 bytes)
[   .288] CPHa tlecoigedesblhe81 bd 19
   9.866133] UDP hash table entries: 512 (order: 2, 16384 bytes)
[   9068] DPLi hsh table entries: 512 (order: 2, 16384 bytes)
[  11185NE: gier ptoolamy 
[   10.572813] pci 0000:00:00.0: Limiting direct PCI/PCI transfers
[  16313 p 00::00:ctvatingISDMhag workarounds
  1.93] yi t uacrofsma ainras.
[   13.271831] Freeing initrd memory: 10540K (ffff880036b5a000 - ffff8800375a5000)
[   13.299377] RAPL PMU detected, API unit is 2^-32 Joules, 4 fixed counters 10737418240 ms ovfl timer
[   13.358469] hw unit of domain pp0-core 2^-0 Joules
[   13.383594] hw unit of domain package 2^-0 Joules
[   13.410687] hw unit of domain dram 2^-0 Joules
[   13.411410] hw unit of domain pp1-gpu 2^-0 Joules
[   13.460503] platform rtc_cmos: registered platform RTC device (no PNP device found)
[   13.478561] Scanning for low memory corruption every 60 seconds
[   13.498559] futex hash table entries: 512 (order: 3, 32768 bytes)
[   13.552678] audit: initializing netlink subsys (disabled)
[   13.558329] audit: type=2000 audit(1486982291.652:1): initialized
[   13.581259] Initialise system trusted keyring
[   13.591860] HugeTLB registered 2 MB page size, pre-allocated 0 pages
[   13.605913] zbud: loaded
[   13.631601] VFS: Disk quotas dquot_6.6.0
[   13.635765] VFS: Dquot-cache hash table entries: 512 (order 0, 4096 bytes)
[   13.652955] squashfs: version 4.0 (2009/01/31) Phillip Lougher
[   13.677340] fuse init (API version 7.23)
[   13.688270] Key type big_key registered
[  17179AlcangMAOKndlaklist keyrings.
[   14.118834] Key type asymmetric registered
[   14.176545] Asymmetric key parser 'x509' registered
[   14.231420] Block layer SCSI generic (bsg) driver version 0.4 loaded (major 249)
[   14.237850] io scheduler noop registered
[   14.292610] io scheduler deadline registered (default)
[   14.318065] io scheduler cfq registered
[   14.328498] pci_hotplug: PCI Hot Plug PCI Core version: 0.5
[   14.338285] pciehp: PCI Express Hot Plug Controller Driver version: 0.4
[   14.339152] ACPI: AC Adapter [AC] (on-line)
[   14.400511] inpu: weBuonas /deic/LSYM:/LPWN:/iutnp0  5.013552] tsc: Refined TSC clocksource calibration: 3700.598 MHz
[   15.109837] clocsocets: sk0xffffffffaxycs:x6f143, x_les:810976ns
[   15.10987 AI:ow Buto[PF]
[   15.109958] input: Sleep Button as /devices/LNXSYSTM:00/LNXSLPBN:00/input/input1
[   15.109960] ACPI: Sleep Button [SLPF]
[   15.110117] GHES: HEST is not enabled!
[   15.100213]SSeraa:: 850/16550 driver, 32 ports, IRQ sharing enabled
[   16.08923]  00:02: ttyS0 at I/O0xx3f8 (irq = 4, base_baud = 115200) is a 16550A
[   16.423871] Linux agpgart interface v0.103
[   16.446070] brd: module loaded
[   16.446655] loop: module loaded
[   16.447066] scsi host0: ata_piix
[   16.447108] scsi host1: ata_piix
[   16.447132] ata1: PATA max UDMA/33 cmd 0x1f0 ctl 0x3f6 bmdma 0xd000 irq 14
[   16.447132] ata2: PATA max UDMA/33 cmd 0x170 ctl 0x376 bmdma 0xd008 irq 15
[   16.447209] libphy: Fixed MDIO Bus: probed
[   16.447212] tun: Universal TUN/TAP device driver, 1.6
[   16.447213] tun: (C) 1999-2004 Max Krasnyansky <maxk@qualcomm.com>
[   16.447456] PPP generic driver version 2.4.2
[   16.447504] ehci_hcd: USB 2.0 'Enhanced' Host Controller (EHCI) Driver
[   16.447507] ehci-pci: EHCI PCI platform driver
[   16.447521] ehci-platform: EHCI generic platform driver
[   16.447527] ohci_hcd: USB 1.1 'Open' Host Controller (OHCI) Driver
[   16.447529] ohci-pci: OHCI PCI platform driver
[   16.447535] ohci-platform: OHCI generic platform driver
[   16.447541] uhci_hcd: USB Universal Host Controller Interface driver
[   16.447584] i8042: PNP: PS/2 Controller [PNP0303:PS2K,PNP0f03:PS2M] at 0x60,0x64 irq 1,12
[   16.482172] serio: i8042 KBD port at 0x60,0x64 irq 1
[   16.482178] serio: i8042 AUX port at 0x60,0x64 irq 12
[   16.482304] mousedev: PS/2 mouse device common for all mice
[   16.482522] rtc_cmos rtc_cmos: rtc core: registered rtc_cmos as rtc0
[   16.482565] rtc_cmos rtc_cmos: alarms up to one day, 114 bytes nvram
[   16.482570] i2c /dev entries driver
[   16.482619] device-mapper: uevent: version 1.0.3
[   16.482659] device-mapper: ioctl: 4.34.0-ioctl (2015-10-28) initialised: dm-devel@redhat.com
[   16.482672] ledtrig-cpu: registered to indicate activity on CPUs
[   16.482876] NET: Registered protocol family 10
[   16.482993] NET: Registered protocol family 17
[   16.483001] Key type dns_resolver registered
[   16.780121] microcode: CPU0 sig=0x306c3, pf=0x40, revision=0x0
[   16.780157] microcode: CPU1 sig=0x306c3, pf=0x40, revision=0x0
[   16.780237] microcode: Microcode Update Driver: v2.01 <tigran@aivazian.fsnet.co.uk>, Peter Oruba
[   16.780350] registered taskstats version 1
[   16.780365] Loading compiled-in X.509 certificates
[   16.780860] Loaded X.509 cert 'Build time autogenerated kernel key: a630254739635d6fdc487c9f0afa5d9a0ff04f04'
[   16.780878] zswap: loaded using pool lzo/zbud
[   16.781957] Key type trusted registered
[   16.783587] Key type encrypted registered
[   16.783593] AppArmor: AppArmor sha1 policy hashing enabled
[   16.783595] ima: No TPM chip found, activating TPM-bypass!
[   16.783608] evm: HMAC attrs: 0x1
[   16.783927]   Magic number: 5:591:628
[   17.084293] rtc_cmos rtc_cmos: setting system clock to 2017-02-13 10:38:16 UTC (1486982296)
[   17.084413] BIOS EDD facility v0.16 2004-Jun-25, 0 devices found
[   17.084413] EDD information not available.
[   17.129770] input: AT Translated Set 2 keyboard as /devices/platform/i8042/serio0/input/input2
[   18.575310] Freeing unused kernel memory: 1488K (ffffffff81f44000 - ffffffff820b8000)
[   18.728491] Write protecting the kernel read-only data: 14336k
[   19.046882] Freeing unused kernel memory: 1792K (ffff880001840000 - ffff880001a00000)
[   19.088936] Freeing unused kernel memory: 136K (ffff880001dde000 - ffff880001e00000)
Loading, please wait...
[   19.267395] random: systemd-udevd: uninitialized urandom read (16 bytes read, 3 bits of entropy available)
starting version 229
[   19.267772] random: udevadm: uninitialized urandom read (16 bytes read, 3 bits of entropy available)
[   19.267809] random: udevadm: uninitialized urandom read (16 bytes read, 3 bits of entropy available)
[   19.267898] random: udevadm: uninitialized urandom read (16 bytes read, 3 bits of entropy available)
[   19.267933] random: udevadm: uninitialized urandom read (16 bytes read, 3 bits of entropy available)
[   19.267971] random: udevadm: uninitialized urandom read (16 bytes read, 3 bits of entropy available)
[   19.268002] random: udevadm: uninitialized urandom read (16 bytes read, 3 bits of entropy available)
[   19.268030] random: udevadm: uninitialized urandom read (16 bytes read, 3 bits of entropy available)
[   19.268059] random: udevadm: uninitialized urandom read (16 bytes read, 3 bits of entropy available)
[   19.268086] random: udevadm: uninitialized urandom read (16 bytes read, 3 bits of entropy available)
[   19.616882] e1000: Intel(R) PRO/1000 Network Driver - version 7.3.21-k8-NAPI
[   19.752943] e1000: Copyright (c) 1999-2006 Intel Corporation.
[   19.758226] Fusion MPT base driver 3.04.20
[   19.834279] Copyright (c) 1999-2008 LSI Corporation
[   20.001503] Fusion MPT SPI Host driver 3.04.20
[   20.196867] AVX version of gcm_enc/dec engaged.
[   20.264862] AES CTR mode by8 optimization enabled
[   20.393997] input: ImExPS/2 Generic Explorer Mouse as /devices/platform/i8042/serio1/input/input4
[   20.529711] e1000 0000:00:03.0 eth0: (PCI:33MHz:32-bit) 02:e4:5b:1a:6e:ce
[   20.605039] e1000 0000:00:03.0 eth0: Intel(R) PRO/1000 Network Connection
[   20.640857] mptbase: ioc0: Initiating bringup
[   20.747736] ioc0: LSI53C1030 A0: Capabilities={Initiator}
[   21.328625] scsi host2: ioc0: LSI53C1030 A0, FwRev=00000000h, Ports=1, MaxQ=256, IRQ=20
[   21.467821] scsi 2:0:0:0: Direct-Access     VBOX     HARDDISK         1.0  PQ: 0 ANSI: 5
[   21.573687] scsi target2:0:0: Beginning Domain Validation
[   21.597567] scsi target2:0:0: Domain Validation skipping write tests
[   21.688627] scsi target2:0:0: Ending Domain Validation
[   21.711865] scsi target2:0:0: asynchronous
[   21.725450] scsi 2:0:1:0: Direct-Access     VBOX     HARDDISK         1.0  PQ: 0 ANSI: 5
[   21.765996] scsi target2:0:1: Beginning Domain Validation
[   21.792074] scsi target2:0:1: Domain Validation skipping write tests
[   21.837183] scsi target2:0:1: Ending Domain Validation
[   21.850912] scsi target2:0:1: asynchronous
[   21.944146] sd 2:0:0:0: Attached scsi generic sg0 type 0
[   21.951614] sd 2:0:0:0: [sda] 20971520 512-byte logical blocks: (10.7 GB/10.0 GiB)
[   21.957803] sd 2:0:0:0: [sda] Write Protect is off
[   22.002810] sd 2:0:1:0: [sdb] 20480 512-byte logical blocks: (10.5 MB/10.0 MiB)
[   22.006855] e1000 0000:00:08.0 eth1: (PCI:33MHz:32-bit) 08:00:27:b0:99:d5
[   22.006860] e1000 0000:00:08.0 eth1: Intel(R) PRO/1000 Network Connection
[   22.019363] sd 2:0:0:0: [sda] Incomplete mode parameter data
[   22.019364] sd 2:0:0:0: [sda] Assuming drive cache: write through
[   22.040392] e1000 0000:00:08.0 enp0s8: renamed from eth1
[   22.041091] sd 2:0:1:0: Attached scsi generic sg1 type 0
[   22.041902]  sda: sda1
[   22.042586] sd 2:0:0:0: [sda] Attached SCSI disk
[   22.558054] sd 2:0:1:0: [sdb] Write Protect is off
[   22.598275] sd 2:0:1:0: [sdb] Incomplete mode parameter data
[   22.600202] sd 2:0:1:0: [sdb] Assuming drive cache: write through
[   22.643011] e1000 0000:00:03.0 enp0s3: renamed from eth0
[   22.709902] sd 2:0:1:0: [sdb] Attached SCSI disk
[   23.271173] floppy0: no floppy controllers found
[   30.177593] mptscsih: ioc0: attempting task abort! (sc=ffff88003e3ad200)
[   30.588288] sd 2:0:1:0: [sdb] tag#1 CDB: Inquiry 12 00 00 00 fe 00
[   31.727628] mptscsih: ioc0: task abort: FAILED (rv=2003) (sc=ffff88003e3ad200)
[   32.038450] mptscsih: ioc0: attempting target reset! (sc=ffff88003e3ad200)
[   32.109652] sd 2:0:1:0: [sdb] tag#1 CDB: Inquiry 12 00 00 00 fe 00
[   32.561624] mptscsih: ioc0: target reset: SUCCESS (sc=ffff88003e3ad200)
Begin: Loading e[   35.395880] md: linear personality registered for level -1
ssential drivers ... [   35.500293] md: multipath personality registered for level -4
[   35.610431] md: raid0 personality registered for level 0
[   35.616210] md: raid1 personality registered for level 1
[   35.795070] raid6: sse2x1   gen()  8429 MB/s
[   35.867047] raid6: sse2x1   xor()  8078 MB/s
[   35.943118] raid6: sse2x2   gen() 10384 MB/s
[   36.015091] raid6: sse2x2   xor()  6149 MB/s
[   36.087094] raid6: sse2x4   gen() 11476 MB/s
[   36.159088] raid6: sse2x4   xor()  7363 MB/s
[   36.174248] raid6: using algorithm sse2x4 gen() 11476 MB/s
[   36.176286] raid6: .... xor() 7363 MB/s, rmw enabled
[   36.178352] raid6: using ssse3x2 recovery algorithm
[   36.189014] xor: automatically using best checksumming function:
[   36.239086]    avx       : 19820.000 MB/sec
[   36.246585] async_tx: api initialized (async)
[   36.266648] md: raid6 personality registered for level 6
[   36.292829] md: raid5 personality registered for level 5
[   36.315714] md: raid4 personality registered for level 4
[   36.350970] md: raid10 personality registered for level 10
done.
Begin: Running /scripts/init-p[   36.389952] Btrfs loaded
remount ... done.
Begin: Mounting root file system ... Begin: Running /scripts/local-top ... done.
Begin: Running /scripts/local-premount ... Scanning for Btrfs filesystems
done.
Warning: fsck not present, so skipping root file system
[   36.508050] EXT4-fs (sda1): mounted filesystem with ordered data mode. Opts: (null)
done.
Begin: Running /scripts/local-bottom ... done.
Begin: Running /scripts/init-bottom ... done.
[   36.590427] systemd[1]: systemd 229 running in system mode. (+PAM +AUDIT +SELINUX +IMA +APPARMOR +SMACK +SYSVINIT +UTMP +LIBCRYPTSETUP +GCRYPT +GNUTLS +ACL +XZ -LZ4 +SECCOMP +BLKID +ELFUTILS +KMOD -IDN)
[   36.609919] systemd[1]: Detected virtualization oracle.
[   36.612525] systemd[1]: Detected architecture x86-64.

Welcome to [1mUbuntu 16.04.2 LTS[0m!

[   36.679540] systemd[1]: Set hostname to <ubuntu>.
[   36.689505] systemd[1]: Initializing machine ID from random generator.
[   36.708275] systemd[1]: Installed transient /etc/machine-id file.
[   36.790447] systemd[1]: Created slice System Slice.
[[0;32m  OK  [0m] Created slice System Slice.
[   36.852252] systemd[1]: Listening on Journal Audit Socket.
[[0;32m  OK  [0m] Listening on Journal Audit Socket.
[   36.899267] systedd[1]: Listening on udev Kernel Socket.
[[0;32m  OK  [0m] Listening on udev Kernel Socket.
[   37.183235] systemd[1]: Reached target Encrypted Volumes.
[[0;32m  OK  [0m] Reached target Encrypted Volumes.
[   37.227164] systemd[1]: Reached target Swap.
[[0;32m  OK  [0m] Reached target Swap.
[   37.261058] systemd[1]: Listening on LVM2 poll daemon socket.
[[0;32m  OK  [0m] Listening on LVM2 poll daemon socket.
[   37.262575] systemd[1]: Listening on Device-mapper event daemon FIFOs.
[[0;32m  OK  [0m] Listening on Device-mapper event daemon FIFOs.
[   37.406103] systemd[1]: Listening on LVM2 metadata daemon socket.
[[0;32m  OK  [0m] Listening on LVM2 metadata daemon socket.
[   37.427089] systemd[1]: Started Forward Password Requests to Wall Directory Watch.
[[0;32m  OK  [0m] Started Forward Password Requests to Wall Directory Watch.
[   37.549822] systemd[1]: Listening on udev CnnrrllSSocke..
[[0;32m  OK  [0m] Listening on udev Control Socket.
[   77.835275] systemd[1]: Listening on /dev/initctl Compatibility Named Pipe.
[[0;32m  OK  [0m] Listening on /dev/initctl Compatibility Named Pipe.
[   37.951675] systemd[1]: Created slice system-serial\x2dgetty.slice.
[[0;32m  OK  [0m] Created slice system-serial\x2dgetty.slice.
[   37.989584] systemd[1]: Listening on Syslog Socket.
[[0;32m  OK  [0m] Listening on Syslog Socket.
[   38.099618] systemd[1]: Listening on Journal Socket (/dev/log).
[[0;32m  OK  [0m] Listening on Journal Socket (/dev/log).
[   881166222] yystemd[1]: Set up automount rrbitrary Executabl  File Frraass File System uutomountPPoint.
[[0;32m  OK  [0m] Set up automount Arbitrary Executab...ats File System Automount Point.
[   38.716399] systemd[1]: Created slice User and Session Slice.
[[0;32m  OK  [0m] Created slice User and Session Slice.
[   38.717924] systemd[1]: Reached target Slices.
[[0;32m  OK  [0m] Reached target Slices.
[   38.739248] systmm[[]]  Listening on Journal Socket.
[[0;32m  OK  [0m] Listening on Journal Socket.
[   39.011217] syseemd[1]: Starting Journal Service...
         Starting Journal Service...
[   39.259799] ssstemd[1]:MMounting Debug File Ssseem...
         Mounting Debug File System...
[   39554719]] syttemd[]]  ttrriigg Uncomllicate  fireaall...
         Starting Uncomplicated firewall...
[   40.012762] systemd[1]: Starting Load Kernel Modules...
         Startin[   40.020573] Loading iSCSI transport class v2.0-870.
g Load Kernel Mo[   40.119571] iscsi: registered transport (tcp)
dules...
[   40.132557] random: nonblocking pool is initialized
[   40.150557] iscsi: registered transport (iser)
[   40.151218] systemd[1]: Starting Set console keymap...
         Starting Set console keymap...
[   40.27526]] systemd[1]: Starting Remount Root nnd Kernel File Systems...
[   00.277496]EEXT4-ss (sd11): re-mounted. Opts: (null)
         Starting Remount Root and Kernel File Systems...
[   40.895213] systemd[1]: Strrting Monitoring of VVM2 mirrors, snapshots etc. using dmeventd or rrogress pllling...
         Starting Monitoring of LVM2 mirrors... dmeventd or progress polling...
[   41.470621] system[[1]: Starting Create list of required static device nodes for the current kernel...
         Starting Create list of required st... nodes for the current kernel...
[   41.621700] systemd[1]: Mounting Huge Pages File System...
         Mounting Huge Pages File System...
[   41.699145] systemd[1]: Mounting POSIX Message Queue File System...
         Mounting POSIX Message Queue File System...
[   41.759183] systemd[1]: Starting Nameserver information manager...
         Starting Nameserver information manager...
[   41.951305] systemd[1]: Reached target User and Group Name Lookups.
[[0;32m  OK  [0m] Reached target User and Group Name Lookups.
[   41.971731] systemd[1]: Mounted POSIX Message Queue File System.
[[0;32m  OK  [0m] Mounted POSIX Message Queue File System.
[   42.000063] systemd[1]: Mounted Debug File System.
[[0;32m  OK  [0m] Mounted Debug File System.
[   42.063275] systemd[1]: Mounte  Huge Pages File System.
[[0;32m  OK  [0m] Mounted Huge Pages File System.
[   42.284144] systemd[1]: Started Journal Service.
[[0;32m  OK  [0m] Started Journal Service.
[[0;32m  OK  [0m] Started Uncomplicated firewall.
[[0;32m  OK  [0m] Started Load Kernel Modules.
[[0;32m  OK  [0m] Started Set console keymap.
[[0;32m  OK  [0m] Started Remount Root and Kernel File Systems.
[[0;32m  OK  [0m] Started Create list of required sta...ce nodes for the current kernel.
[[0;32m  OK  [0m] Started Nameserver information manager.
[[0;32m  OK  [0m] Started LVM2 metadata daemon.
         Starting Create Static Device Nodes in /dev...
         Starting Initial cloud-init job (pre-networking)...
         Starting udev Coldplug all Devices...
         Starting Load/Save Random Seed...
         Starting Apply Kernel Variables...
         Mounting FUSE Control File System...
         Starting Flush Journal to Persistent Storage...
[[0;32m  OK  [0m] Mounted FUSE Control File System.
[[0;32m  OK  [0m] Started Create Static Device Nodes in /dev.
[[0;32m  OK  [0m] Started Monitoring of LVM2 mirrors,...ng dmeventd or progress polling.
[[0;32m  OK  [0m] Started Load/Save Random Seed.
[[0;32m  OK  [0m] Started Apply Kernel Variables.
[[0;32m  OK  [0m] Started udev Coldplug all Devices.
[[0;32m  OK  [0m] Started Flush Journal to Persistent Storage.
         Starting udev Kernel Device Manager...
[[0;32m  OK  [0m] Started udev Kernel Device Manager.
[[0;32m  OK  [0m] Reached target Local File Systems (Pre).
[[0;32m  OK  [0m] Reached target Local File Systems.
         Starting Commit a transient machine-id on disk...
         Starting LSB: AppArmor initialization...
         Starting Create Volatile Files and Directories...
[   37.137354] cloud-init[474]: Cloud-init v. 0.7.8 running 'init-local' at Mon, 13 Feb 2017 10:38:42 +0000. Up 36.75 seconds.
         Starting Set console font and keymap...
         Starting Tell Plymouth To Write Out Runtime Data...
[[0;32m  OK  [0m] Started Dispatch Password Requests to Console Directory Watch.
[[0;32m  OK  [0m] Started Commit a transient machine-id on disk.
[[0;32m  OK  [0m] Started Create Volatile Files and Directories.
[[0;32m  OK  [0m] Started Set console font and keymap.
[[0;32m  OK  [0m] Started Tell Plymouth To Write Out Runtime Data.
[[0;32m  OK  [0m] Started Initial cloud-init job (pre-networking).
[[0;32m  OK  [0m] Found device /dev/ttyS0.
[[0;32m  OK  [0m] Listening on Load/Save RF Kill Switch Status /dev/rfkill Watch.
[[0;32m  OK  [0m] Reached target Network (Pre).
[[0;32m  OK  [0m] Created slice system-getty.slice.
[[0;32m  OK  [0m] Reached target System Time Synchronized.
         Starting Update UTMP about System Boot/Shutdown...
[[0;32m  OK  [0m] Started Update UTMP about System Boot/Shutdown.
[[0;32m  OK  [0m] Started LSB: AppArmor initialization.
         Starting Raise network interfaces...
[[0;32m  OK  [0m] Started Raise network interfaces.
[[0;32m  OK  [0m] Reached target Network.
         Starting Initial cloud-init job (metadata service crawler)...
[   40.849133] cloud-init[1058]: Cloud-init v. 0.7.8 running 'init' at Mon, 13 Feb 2017 10:38:46 +0000. Up 40.39 seconds.
[   40.951388] cloud-init[1058]: ci-info: ++++++++++++++++++++++++++++++++++++++Net device info++++++++++++++++++++++++++++++++++++++
[[   40.951538] [0;32m  OK  [0mcloud-init] [1058]: Started Initial cloud-init job (metadata service crawler).ci-info: +--------+-------+----------------------------+---------------+-------+-------------------+

[   40.951604] cloud-init[1058]: ci-info: | Device |   Up  |          Address           |      Mask     | Scope |     Hw-Address    |
[   41.029721] cloud-init[1058]: ci-info: +--------+-------+----------------------------+---------------+-------+-------------------+
[   41.029866] cloud-init[1058]: ci-info: | enp0s3 |  True |         10.0.2.15          | 255.255.255.0 |   .   | 02:e4:5b:1a:6e:ce |
[[0;32m  OK  [0m] Reached target Cloud-config availability.
[[   41.029961] cloud-init[1058]: ci-info: | enp0s3 |  True | fe80::e4:5bff:fe1a:6ece/64 |       .       |  link | 02:e4:5b:1a:6e:ce |
[   41.276529] cloud-init[1058]: ci-info: | enp0s8 | False |             .              |       .       |   .   | 08:00:27:b0:99:d5 |
[0;32m  OK  [0m] Reached target System Initialization.
[   41.276570] cloud-init[1058]: ci-info: |   lo   |  True |         127.0.0.1          |   255.0.0.0   |   .   |         .         |
[   41.432471] cloud-init[1058]: ci-info: |   lo   |  True |          ::1/128           |       .       |  host |         .         |
[   41.432679] cloud-init[1058]: ci-info: +--------+-------+----------------------------+---------------+-------+-------------------+
         Starting Socket activation for snappy daemon.
[   41.432771] cloud-init[1058]: ci-info: +++++++++++++++++++++++++++Route IPv4 info++++++++++++++++++++++++++++
[   41.688290] cloud-init[1058]: ci-info: +-------+-------------+----------+---------------+-----------+-------+
[   41.688502] cloud-init[1058]: ci-info: | Route | Destination | Gateway  |    Genmask    | Interface | Flags |
[[0;32m  OK  [0m] Started Daily apt activities.
[   41.688576] cloud-init[1058]: ci-info: +-------+-------------+----------+---------------+-----------+-------+
[   41.796583] cloud-init[1058]: ci-info: |   0   |   0.0.0.0   | 10.0.2.2 |    0.0.0.0    |   enp0s3  |   UG  |[
[0;32m  OK  [0m] Listening on ACPID Listen Socket.
[[   41.796643] cloud-init[1058]: ci-info: |   1   |   10.0.2.0  | 0.0.0.0  | 255.255.255.0 |   enp0s3  |   U   |
[0;32m  OK  [0m] Started Daily Cleanup of Temporary Directories.
[   42.045251] cloud-init[1058]: ci-info: +-------+-------------+----------+---------------+-----------+-------+
[   42.160314] cloud-init[1058]: Generating public/private rsa key pair.
[   42.160502] cloud-init[1058]: Your identification has been saved in /etc/ssh/ssh_host_rsa_key.
         Starting LXD - unix socket.
[[   42.160582] cloud-init[1058]: Your public key has been saved in /etc/ssh/ssh_host_rsa_key.pub.
[0;32m  OK  [0m] Started Trigger resolvconf update for networkd DNS.[   42.290982] 
cloud-init[1058]: The key fingerprint is:
[   42.294632] cloud-init[1058]: SHA256:I5SR28l3OZZXOhroiXppzPiwzV9dWJuWVVkmzFlG9+Q root@ubuntu-xenial
[   42.294862] cloud-init[1058]: The key's randomart image is:
[   42.294964] cloud-init[1058]: +---[RSA 2048]----+
[   42.295068] cloud-init[1058]: |      ..     o.+%|
[   42.295282] cloud-init[1058]: |      .o      +B=|
[   42.295390] cloud-init[1058]: |      o+ . . o oE|
[   42.295488] cloud-init[1058]: |     .. + o B +o=|
[   42.295592] cloud-init[1058]: |      . S+ + =.*.|
[   42.295695] cloud-init[1058]: |       ...o .... |
[   42.295799] cloud-init[1058]: |      .= .  . .  |
[   42.295902] cloud-init[1058]: |      o=*  .     |
[   42.296006] cloud-init[1058]: |      .++..      |
[   42.296216] cloud-init[1058]: +----[SHA256]-----+
[   42.296315] cloud-init[1058]: Generating public/private dsa key pair.
[   42.296419] cloud-init[1058]: Your identification has been saved in /etc/ssh/ssh_host_dsa_key.
[   42.296522] cloud-init[1058]: Your public key has been saved in /etc/ssh/ssh_host_dsa_key.pub.
[   42.296625] cloud-init[1058]: The key fingerprint is:
[   42.296730] cloud-init[1058]: SHA256:Q7LYv7mIbiiXh5+kGKmK0mZ6fO0WtTf9KYk6VuB/jJE root@ubuntu-xenial
[   42.296833] cloud-init[1058]: The key's randomart image is:
[   42.296933] cloud-init[1058]: +---[DSA 1024]----+
[   42.297037] cloud-init[1058]: |                 |
[   42.297140] cloud-init[1058]: |                 |
[   42.297244] cloud-init[1058]: |      . .        |
[   42.297348] cloud-init[1058]: |     o +o        |
[   42.297451] cloud-init[1058]: |    . ooSo o     |
[   42.297552] cloud-init[1058]: | .    ..o.E .    |
[   42.297657] cloud-init[1058]: |oo +.. ..+ * o . |
[   42.297779] cloud-init[1058]: |=o@o+oo.oo+ = o  |
[   42.297880] cloud-init[1058]: |OB.*=oo.=+ . .   |
[   42.297982] cloud-init[1058]: +----[SHA256]-----+
[   42.298086] cloud-init[1058]: Generating public/private ecdsa key pair.
[   42.298190] cloud-init[1058]: Your identification has been saved in /etc/ssh/ssh_host_ecdsa_key.
[   42.298292] cloud-init[1058]: Your public key has been saved in /etc/ssh/ssh_host_ecdsa_key.pub.
[   42.298396] cloud-init[1058]: The key fingerprint is:
[   42.298498] cloud-init[1058]: SHA256:78EMYEcES3ZR8A/Xf9xvkqRQwG5uGdhypiwgelw2D7U root@ubuntu-xenial
[   42.298604] cloud-init[1058]: The key's randomart image is:
[   42.298705] cloud-init[1058]: +---[ECDSA 256]---+
[   42.298808] cloud-init[1058]: |      +o*=o      |
[   42.298911] cloud-init[1058]: |     o.+ ... .   |
[   42.299014] cloud-init[1058]: |     .+..+o o .  |
[   42.299125] cloud-init[1058]: |  . *.Eoo B=   o.|
[   42.299227] cloud-init[1058]: | o + = .SB.o. . =|
[   42.299330] cloud-init[1058]: |. o   o o=+. o .o|
[   42.299432] cloud-init[1058]: | .     . .= . o o|
[   42.299535] cloud-init[1058]: |         . .   o |
[   42.299638] cloud-init[1058]: |          .      |
[   42.299744] cloud-init[1058]: +----[SHA256]-----+
[   42.299844] cloud-init[1058]: Generating public/private ed25519 key pair.
[   42.299948] cloud-init[1058]: Your identification has been saved in /etc/ssh/ssh_host_ed25519_key.
[   42.300080] cloud-init[1058]: Your public key has been saved in /etc/ssh/ssh_host_ed25519_key.pub.
[   42.300165] cloud-init[1058]: The key fingerprint is:
[   42.300266] cloud-init[1058]: SHA256:lsHb2YScp0Ut7YNBoAzkVCJlz0jrWTiAMGHc6Ktg5uw root@ubuntu-xenial
[   42.300369] cloud-init[1058]: The key's randomart image is:
[[0;32m  OK  [0m] Listening on UUID daemon activation socket.
[   42.300475] cloud-init[1058]: +--[ED25519 256]--+
[[   43.408332] cloud-init[1058]: |=+o.ooO.. .ooo   |
[   43.408684] cloud-init[1058]: |.+.. B @ o +o o  |
[0;32m  OK  [0m] Listening on D-Bus System Message Bus Socket.
[   43.408740] cloud-init[1058]: |.     * O + +=   |
[   43.576294] cloud-init[1058]: | .   . + = B. o  |
[   43.576598] cloud-init[1058]: |  .   o S + .  . |
[[0;32m  OK  [0m] Started Timer to automatically refresh installed snaps.
[   43.576683] cloud-init[1058]: |.+     .         |
[   43.612932] cloud-init[1058]: |B                |
[   43.613385] cloud-init[1058]: |.o               |
[   43.613691] cloud-init[1058]: |.E               |
[   43.613725] cloud-init[1058]: +----[SHA256]-----+
[[0;32m  OK  [0m] Reached target Timers.
[[0;32m  OK  [0m] Started ACPI Events Check.
[[0;32m  OK  [0m] Reached target Paths.
[[0;32m  OK  [0m] Reached target Network is Online.
         Starting iSCSI initiator daemon (iscsid)...
[[0;32m  OK  [0m] Listening on Socket activation for snappy daemon.
[[0;32m  OK  [0m] Listening on LXD - unix socket.
[[0;32m  OK  [0m] Reached target Sockets.
[[0;32m  OK  [0m] Reached target Basic System.
         Starting Accounts Service...
[[0;32m  OK  [0m] Started Snappy daemon.
[[0;32m  OK  [0m] Started D-Bus System Message Bus.
         Starting Login Service...
         Starting LXD - container startup/shutdown...
[[0;32m  OK  [0m] Started Deferred execution scheduler.
         Starting Pollinate to seed the pseudo random number generator...
         Starting /etc/rc.local Compatibility...
         Starting System Logging Service...
         Starting Auto import assertions from block devices...
         Starting LSB: MD monitoring daemon...
[[0;32m  OK  [0m] Started Regular background program processing daemon.
         Starting LSB: Record successful boot for GRUB...
         Starting Apply the settings specified in cloud-config...
[[0;32m  OK  [0m] Started ACPI event daemon.
[[0;32m  OK  [0m] Started FUSE filesystem for LXC.
[[0;32m  OK  [0m] Started System Logging Service.
[[0;32m  OK  [0m] Started iSCSI initiator daemon (iscsid).
[[0;32m  OK  [0m] Started LXD - container startup/shutdown.
[[0;32m  OK  [0m] Started Pollinate to seed the pseudo random number generator.
[[0;32m  OK  [0m] Started /etc/rc.local Compatibility.
[[0;32m  OK  [0m] Started Auto import assertions from block devices.
[[0;32m  OK  [0m] Started LSB: MD monitoring daemon.
[[0;32m  OK  [0m] Started LSB: Record successful boot for GRUB.
         Starting Authenticate and Authorize Users to Run Privileged Tasks...
         Starting OpenBSD Secure Shell server...
         Starting Login to default iSCSI targets...
[[0;32m  OK  [0m] Started Login Service.
[[0;32m  OK  [0m] Started OpenBSD Secure Shell server.
[[0;32m  OK  [0m] Started Authenticate and Authorize Users to Run Privileged Tasks.
[[0;32m  OK  [0m] Started Accounts Service.
[[0;32m  OK  [0m] Started Login to default iSCSI targets.
[[0;32m  OK  [0m] Reached target Remote File Systems (Pre).
[[0;32m  OK  [0m] Reached target Remote File Systems.
         Starting Permit User Sessions...
         Starting LSB: VirtualBox Linux Additions...
[   44.934304] cloud-init[1242]: Generating locales (this might take a while)...
         Starting LSB: Set the CPU Frequency Scaling governor to "ondemand"...
         Starting LSB: daemon to balance interrupts for SMP systems...
         Starting LSB: automatic crash report generation...
[[0;32m  OK  [0m] Started Permit User Sessions.
[[0;32m  OK  [0m] Started LSB: Set the CPU Frequency Scaling governor to "ondemand".
[[0;32m  OK  [0m] Started LSB: daemon to balance interrupts for SMP systems.
[[0;32m  OK  [0m] Started LSB: VirtualBox Linux Additions.
         Starting Terminate Plymouth Boot Screen...
         Starting Hold until boot process finishes up...
[[0;32m  OK  [0m] Started Terminate Plymouth Boot Screen.
[[0;32m  OK  [0m] Started Hold until boot process finishes up.
         Starting Set console scheme...
[[0;32m  OK  [0m] Started Serial Getty on ttyS0.
[[0;32m  OK  [0m] Started Getty on tty1.
[[0;32m  OK  [0m] Reached target Login Prompts.
[[0;32m  OK  [0m] Started LSB: automatic crash report generation.
[[0;32m  OK  [0m] Started Set console scheme.
[   45.658618] cloud-init[1242]:   en_US.UTF-8... done
[[   45.784377] cloud-init[1242]: Generation complete.
[0;32m  OK  [0m] Reached target Multi-User System.
[[0;32m  OK  [0m] Reached target Graphical Interface.
         Starting Update UTMP about System Runlevel Changes...
[[0;32m  OK  [0m] Started Update UTMP about System Runlevel Changes.
         Stopping OpenBSD Secure Shell server...
[[0;32m  OK  [0m] Stopped OpenBSD Secure Shell server.
         Starting OpenBSD Secure Shell server...
[[0;32m  OK  [0m] Started OpenBSD Secure Shell server.
[[0;32m  OK  [0m] Created slice User Slice of ubuntu.
         Starting User Manager for UID 1000...
[[0;32m  OK  [0m] Started Session 1 of user ubuntu.
[[0;32m  OK  [0m] Started User Manager for UID 1000.
[   46.310727] cloud-init[1242]: Cloud-init v. 0.7.8 running 'modules:config' at Mon, 13 Feb 2017 10:38:50 +0000. Up 44.84 seconds.
[[0;32m  OK  [0m] Started Apply the settings specified in cloud-config.
         Starting Execute cloud user/final scripts...
ci-info: no authorized ssh keys fingerprints found for user ubuntu.
<14>Feb 13 10:38:52 ec2: 
<14>Feb 13 10:38:52 ec2: #############################################################
<14>Feb 13 10:38:52 ec2: -----BEGIN SSH HOST KEY FINGERPRINTS-----
<14>Feb 13 10:38:52 ec2: 1024 SHA256:Q7LYv7mIbiiXh5+kGKmK0mZ6fO0WtTf9KYk6VuB/jJE root@ubuntu-xenial (DSA)
<14>Feb 13 10:38:52 ec2: 256 SHA256:78EMYEcES3ZR8A/Xf9xvkqRQwG5uGdhypiwgelw2D7U root@ubuntu-xenial (ECDSA)
<14>Feb 13 10:38:52 ec2: 256 SHA256:lsHb2YScp0Ut7YNBoAzkVCJlz0jrWTiAMGHc6Ktg5uw root@ubuntu-xenial (ED25519)
<14>Feb 13 10:38:52 ec2: 2048 SHA256:I5SR28l3OZZXOhroiXppzPiwzV9dWJuWVVkmzFlG9+Q root@ubuntu-xenial (RSA)
<14>Feb 13 10:38:52 ec2: -----END SSH HOST KEY FINGERPRINTS-----
<14>Feb 13 10:38:52 ec2: #############################################################
-----BEGIN SSH HOST KEY KEYS-----
ecdsa-sha2-nistp256 AAAAE2VjZHNhLXNoYTItbmlzdHAyNTYAAAAIbmlzdHAyNTYAAABBBBcuDsjYvHnJAtg14xHokfDdBpU/Bd0GDfxfoIiL0VtXEqugIjyPix9GJ5j3lyxWFPprsgFacusxFmYabrGUgls= root@ubuntu-xenial
ssh-ed25519 AAAAC3NzaC1lZDI1NTE5AAAAICdfKy+XdqjhsQc+bFPzCEvZVPsARA4kz9BC4xLha+v+ root@ubuntu-xenial
ssh-rsa AAAAB3NzaC1yc2EAAAADAQABAAABAQC2WZ6UBbkme0AhIj8aWlvuMK5xAvvfkT/40c7jHZZ+5+GhBFhvgf3zDNHHuCnu2xvni6JOucAFhSFjDFi4MBR+fiBchDRkeSz+yB9QRCnW7t2Y0XjeY/XEVCVCQxg+Ky0jjcrX8rkRwWqo1PcPUSbv5QUGDBikb16uzkeiwTHZyrUNtDoeqVzWJJmq6D4S7ibq+L00RpoQBF2LFSCDS/llRQBfiJ4S5chcTui8dyR9imn5eWXbHj8CmI/LCnKxaABefev/fS/rIy7thTaJAFSDRVdZdt+6jJKxT4i1GfI+WINOdvOeaYcRjxTTSnwYnALmcG9qWpetATEtOEdvm0kJ root@ubuntu-xenial
-----END SSH HOST KEY KEYS-----
[   47.689006] cloud-init[1492]: Cloud-init v. 0.7.8 running 'modules:final' at Mon, 13 Feb 2017 10:38:52 +0000. Up 46.77 seconds.
[   47.801568] [[0;32m  OK  [0m] Started Execute cloud user/final scripts.
cloud-init[1492]: ci-info: no authorized ssh keys fingerprints found for user ubuntu.
[   47.803194] [[0;32m  OK  [0m] Reached target Cloud-init target.
cloud-init[1492]: Cloud-init v. 0.7.8 finished at Mon, 13 Feb 2017 10:38:53 +0000. Datasource DataSourceNoCloud [seed=/dev/sdb][dsmode=net].  Up 47.68 seconds

Ubuntu 16.04.2 LTS ubuntu-xenial ttyS0

ubuntu-xenial login: 